// Jest Snapshot v1, https://goo.gl/fbAQLP

exports[`App rendered correctly 1`] = `
<div
  className="App"
>
  <div
    className="githubAPIMainDiv"
  >
    <h1>
      Github API
    </h1>
    <div
      className="githubAPIMainDivFormArea"
    >
      <form
        onSubmit={[Function]}
      >
        <input
          onChange={[Function]}
          placeholder="Username"
          type="text"
        />
        <button
          className="btn btn-dark"
          disabled={false}
          onClick={[Function]}
          type="button"
        >
          Search!
        </button>
      </form>
    </div>
    <div
      className="github"
    >
      <div
        className="githubProfileParentDiv"
      />
    </div>
  </div>
</div>
`;
